2025/06/01 02:28:30 ✅ Connected to MySQL through SSH tunnel!
2025/06/01 02:28:33 >>>>>>>>>>>>>>>>>>>>>>>>>>>>>>>>>>>>>>>>>>
2025/06/01 02:28:33            ⚠️  Starting rollback for set_3...        
2025/06/01 02:28:33 <<<<<<<<<<<<<<<<<<<<<<<<<<<<<<<<<<<<<<<<<<
2025/06/01 02:28:34 
✅ Undo migration completed successfully!
2025/06/01 02:28:50 ✅ Connected to MySQL through SSH tunnel!
2025/06/01 02:28:51 >>>>>>>>>>>>>>>>>>>>>>>>>>>>>>>>>>>>>>>>>>
2025/06/01 02:28:51            ⏳ Starting migration for set_3...     
2025/06/01 02:28:51 <<<<<<<<<<<<<<<<<<<<<<<<<<<<<<<<<<<<<<<<<<
2025/06/01 02:29:07 ✅ Migration successful!
2025/06/01 02:29:57 ✅ Connected to MySQL through SSH tunnel!
2025/06/01 02:29:58 >>>>>>>>>>>>>>>>>>>>>>>>>>>>>>>>>>>>>>>>>>>>>>>>>>>>>>>>>>>>>
2025/06/01 02:29:58            ⏳ Starting migration for set_3...     
2025/06/01 02:29:58 <<<<<<<<<<<<<<<<<<<<<<<<<<<<<<<<<<<<<<<<<<<<<<<<<<<<<<<<<<<<<
2025/06/01 02:30:13 ❌ Migration failed: failed to insert into pivot table: Error 1062 (23000): Duplicate entry '7570836-1' for key 'mapping_lk_users_members.unique_user_id_member_id'
2025/06/01 02:30:24 ✅ Connected to MySQL through SSH tunnel!
2025/06/01 02:30:26 >>>>>>>>>>>>>>>>>>>>>>>>>>>>>>>>>>>>>>>>>>>>>>>>>>>>>>>>>>>>>
2025/06/01 02:30:26            ⚠️  Starting rollback for set_3...        
2025/06/01 02:30:26 <<<<<<<<<<<<<<<<<<<<<<<<<<<<<<<<<<<<<<<<<<<<<<<<<<<<<<<<<<<<<
2025/06/01 02:30:31 
✅ Undo migration completed successfully!
2025/06/01 02:40:05 ✅ Connected to MySQL through SSH tunnel!
2025/06/01 02:40:07 >>>>>>>>>>>>>>>>>>>>>>>>>>>>>>>>>>>>>>>>>>>>>>>>>>>>>>>>>>>>>
2025/06/01 02:40:07            ⏳ Starting migration for set_3...     
2025/06/01 02:40:07 <<<<<<<<<<<<<<<<<<<<<<<<<<<<<<<<<<<<<<<<<<<<<<<<<<<<<<<<<<<<<
2025/06/01 02:40:18 ✅ Migration successful!
2025/06/01 02:40:42 ✅ Connected to MySQL through SSH tunnel!
2025/06/01 02:40:45 >>>>>>>>>>>>>>>>>>>>>>>>>>>>>>>>>>>>>>>>>>>>>>>>>>>>>>>>>>>>>
2025/06/01 02:40:45            ⚠️  Starting rollback for set_3...        
2025/06/01 02:40:45 <<<<<<<<<<<<<<<<<<<<<<<<<<<<<<<<<<<<<<<<<<<<<<<<<<<<<<<<<<<<<
2025/06/01 02:40:49 
✅ Undo migration completed successfully!
2025/06/01 02:41:58 ✅ Connected to MySQL through SSH tunnel!
2025/06/01 02:41:59 >>>>>>>>>>>>>>>>>>>>>>>>>>>>>>>>>>>>>>>>>>>>>>>>>>>>>>>>>>>>>
2025/06/01 02:41:59            ⏳ Starting migration for set_3...     
2025/06/01 02:41:59 <<<<<<<<<<<<<<<<<<<<<<<<<<<<<<<<<<<<<<<<<<<<<<<<<<<<<<<<<<<<<
2025/06/01 02:42:11 ❌ Migration validation failed: failed to create mismatch log file: open mismatches/members_mismatches.log: no such file or directory
2025/06/01 02:43:06 ✅ Connected to MySQL through SSH tunnel!
2025/06/01 02:43:09 >>>>>>>>>>>>>>>>>>>>>>>>>>>>>>>>>>>>>>>>>>>>>>>>>>>>>>>>>>>>>
2025/06/01 02:43:09            ⚠️  Starting rollback for set_3...        
2025/06/01 02:43:09 <<<<<<<<<<<<<<<<<<<<<<<<<<<<<<<<<<<<<<<<<<<<<<<<<<<<<<<<<<<<<
2025/06/01 02:43:13 
✅ Undo migration completed successfully!
2025/06/01 02:43:20 ✅ Connected to MySQL through SSH tunnel!
2025/06/01 02:43:21 >>>>>>>>>>>>>>>>>>>>>>>>>>>>>>>>>>>>>>>>>>>>>>>>>>>>>>>>>>>>>
2025/06/01 02:43:21            ⏳ Starting migration for set_3...     
2025/06/01 02:43:21 <<<<<<<<<<<<<<<<<<<<<<<<<<<<<<<<<<<<<<<<<<<<<<<<<<<<<<<<<<<<<
2025/06/01 02:43:33 ❌ Migration validation failed: field-level mismatch detected
2025/06/01 02:44:07 ✅ Connected to MySQL through SSH tunnel!
2025/06/01 02:44:12 >>>>>>>>>>>>>>>>>>>>>>>>>>>>>>>>>>>>>>>>>>>>>>>>>>>>>>>>>>>>>
2025/06/01 02:44:12            ⚠️  Starting rollback for set_6...        
2025/06/01 02:44:12 <<<<<<<<<<<<<<<<<<<<<<<<<<<<<<<<<<<<<<<<<<<<<<<<<<<<<<<<<<<<<
2025/06/01 02:44:15 
✅ Undo migration completed successfully!
2025/06/01 02:45:16 ✅ Connected to MySQL through SSH tunnel!
2025/06/01 02:45:18 >>>>>>>>>>>>>>>>>>>>>>>>>>>>>>>>>>>>>>>>>>>>>>>>>>>>>>>>>>>>>
2025/06/01 02:45:18            ⏳ Starting migration for set_6...     
2025/06/01 02:45:18 <<<<<<<<<<<<<<<<<<<<<<<<<<<<<<<<<<<<<<<<<<<<<<<<<<<<<<<<<<<<<
2025/06/01 02:45:29 ❌ Migration validation failed: field-level mismatch detected
2025/06/02 01:25:35 ✅ Connected to MySQL through SSH tunnel!
2025/06/02 01:25:39 >>>>>>>>>>>>>>>>>>>>>>>>>>>>>>>>>>>>>>>>>>>>>>>>>>>>>>>>>>>>>
2025/06/02 01:25:39            ⚠️  Starting rollback for set_6...        
2025/06/02 01:25:39 <<<<<<<<<<<<<<<<<<<<<<<<<<<<<<<<<<<<<<<<<<<<<<<<<<<<<<<<<<<<<
2025/06/02 01:25:41 
✅ Undo migration completed successfully!
2025/06/02 01:25:50 ✅ Connected to MySQL through SSH tunnel!
2025/06/02 01:25:52 >>>>>>>>>>>>>>>>>>>>>>>>>>>>>>>>>>>>>>>>>>>>>>>>>>>>>>>>>>>>>
2025/06/02 01:25:52            ⏳ Starting migration for set_6...     
2025/06/02 01:25:52 <<<<<<<<<<<<<<<<<<<<<<<<<<<<<<<<<<<<<<<<<<<<<<<<<<<<<<<<<<<<<
2025/06/02 01:26:00 ❌ Migration validation failed: field-level mismatch detected
2025/06/02 01:28:49 ✅ Connected to MySQL through SSH tunnel!
2025/06/02 01:28:52 >>>>>>>>>>>>>>>>>>>>>>>>>>>>>>>>>>>>>>>>>>>>>>>>>>>>>>>>>>>>>
2025/06/02 01:28:52            ⚠️  Starting rollback for set_6...        
2025/06/02 01:28:52 <<<<<<<<<<<<<<<<<<<<<<<<<<<<<<<<<<<<<<<<<<<<<<<<<<<<<<<<<<<<<
2025/06/02 01:28:54 
✅ Undo migration completed successfully!
2025/06/02 01:29:00 ✅ Connected to MySQL through SSH tunnel!
2025/06/02 01:29:01 >>>>>>>>>>>>>>>>>>>>>>>>>>>>>>>>>>>>>>>>>>>>>>>>>>>>>>>>>>>>>
2025/06/02 01:29:01            ⏳ Starting migration for set_6...     
2025/06/02 01:29:01 <<<<<<<<<<<<<<<<<<<<<<<<<<<<<<<<<<<<<<<<<<<<<<<<<<<<<<<<<<<<<
2025/06/02 01:29:09 ❌ Migration validation failed: field-level mismatch detected
2025/06/02 01:39:22 ✅ Connected to MySQL through SSH tunnel!
2025/06/02 01:39:24 >>>>>>>>>>>>>>>>>>>>>>>>>>>>>>>>>>>>>>>>>>>>>>>>>>>>>>>>>>>>>
2025/06/02 01:39:24            ⚠️  Starting rollback for set_6...        
2025/06/02 01:39:24 <<<<<<<<<<<<<<<<<<<<<<<<<<<<<<<<<<<<<<<<<<<<<<<<<<<<<<<<<<<<<
2025/06/02 01:39:26 
✅ Undo migration completed successfully!
2025/06/02 01:39:33 ✅ Connected to MySQL through SSH tunnel!
2025/06/02 01:39:34 >>>>>>>>>>>>>>>>>>>>>>>>>>>>>>>>>>>>>>>>>>>>>>>>>>>>>>>>>>>>>
2025/06/02 01:39:34            ⏳ Starting migration for set_6...     
2025/06/02 01:39:34 <<<<<<<<<<<<<<<<<<<<<<<<<<<<<<<<<<<<<<<<<<<<<<<<<<<<<<<<<<<<<
2025/06/02 01:39:42 ❌ Migration validation failed: field-level mismatch detected
2025/06/02 01:42:07 ✅ Connected to MySQL through SSH tunnel!
2025/06/02 01:42:11 >>>>>>>>>>>>>>>>>>>>>>>>>>>>>>>>>>>>>>>>>>>>>>>>>>>>>>>>>>>>>
2025/06/02 01:42:11            ⚠️  Starting rollback for set_1...        
2025/06/02 01:42:11 <<<<<<<<<<<<<<<<<<<<<<<<<<<<<<<<<<<<<<<<<<<<<<<<<<<<<<<<<<<<<
2025/06/02 01:42:12 
✅ Undo migration completed successfully!
2025/06/02 01:42:50 ✅ Connected to MySQL through SSH tunnel!
2025/06/02 01:42:51 >>>>>>>>>>>>>>>>>>>>>>>>>>>>>>>>>>>>>>>>>>>>>>>>>>>>>>>>>>>>>
2025/06/02 01:42:51            ⏳ Starting migration for set_1...     
2025/06/02 01:42:51 <<<<<<<<<<<<<<<<<<<<<<<<<<<<<<<<<<<<<<<<<<<<<<<<<<<<<<<<<<<<<
2025/06/02 01:42:58 ✅ Migration successful!
2025/06/02 01:43:10 ✅ Connected to MySQL through SSH tunnel!
2025/06/02 01:43:12 >>>>>>>>>>>>>>>>>>>>>>>>>>>>>>>>>>>>>>>>>>>>>>>>>>>>>>>>>>>>>
2025/06/02 01:43:12            ⚠️  Starting rollback for set_2...        
2025/06/02 01:43:12 <<<<<<<<<<<<<<<<<<<<<<<<<<<<<<<<<<<<<<<<<<<<<<<<<<<<<<<<<<<<<
2025/06/02 01:43:13 
✅ Undo migration completed successfully!
2025/06/02 01:43:22 ✅ Connected to MySQL through SSH tunnel!
2025/06/02 01:43:24 >>>>>>>>>>>>>>>>>>>>>>>>>>>>>>>>>>>>>>>>>>>>>>>>>>>>>>>>>>>>>
2025/06/02 01:43:24            ⏳ Starting migration for set_2...     
2025/06/02 01:43:24 <<<<<<<<<<<<<<<<<<<<<<<<<<<<<<<<<<<<<<<<<<<<<<<<<<<<<<<<<<<<<
2025/06/02 01:43:30 ✅ Migration successful!
2025/06/02 01:43:40 ✅ Connected to MySQL through SSH tunnel!
2025/06/02 01:43:43 >>>>>>>>>>>>>>>>>>>>>>>>>>>>>>>>>>>>>>>>>>>>>>>>>>>>>>>>>>>>>
2025/06/02 01:43:43            ⚠️  Starting rollback for set_3...        
2025/06/02 01:43:43 <<<<<<<<<<<<<<<<<<<<<<<<<<<<<<<<<<<<<<<<<<<<<<<<<<<<<<<<<<<<<
2025/06/02 01:43:47 
✅ Undo migration completed successfully!
2025/06/02 01:43:55 ✅ Connected to MySQL through SSH tunnel!
2025/06/02 01:43:57 >>>>>>>>>>>>>>>>>>>>>>>>>>>>>>>>>>>>>>>>>>>>>>>>>>>>>>>>>>>>>
2025/06/02 01:43:57            ⏳ Starting migration for set_3...     
2025/06/02 01:43:57 <<<<<<<<<<<<<<<<<<<<<<<<<<<<<<<<<<<<<<<<<<<<<<<<<<<<<<<<<<<<<
2025/06/02 01:44:09 ❌ Migration validation failed: field-level mismatch detected
2025/06/02 01:50:50 ✅ Connected to MySQL through SSH tunnel!
2025/06/02 01:50:53 >>>>>>>>>>>>>>>>>>>>>>>>>>>>>>>>>>>>>>>>>>>>>>>>>>>>>>>>>>>>>
2025/06/02 01:50:53            ⚠️  Starting rollback for set_4...        
2025/06/02 01:50:53 <<<<<<<<<<<<<<<<<<<<<<<<<<<<<<<<<<<<<<<<<<<<<<<<<<<<<<<<<<<<<
2025/06/02 01:51:16 ✅ Connected to MySQL through SSH tunnel!
2025/06/02 01:51:18 >>>>>>>>>>>>>>>>>>>>>>>>>>>>>>>>>>>>>>>>>>>>>>>>>>>>>>>>>>>>>
2025/06/02 01:51:18            ⏳ Starting migration for set_4...     
2025/06/02 01:51:18 <<<<<<<<<<<<<<<<<<<<<<<<<<<<<<<<<<<<<<<<<<<<<<<<<<<<<<<<<<<<<
2025/06/02 01:51:25 ✅ Migration successful!
2025/06/02 01:51:35 ✅ Connected to MySQL through SSH tunnel!
2025/06/02 01:51:38 >>>>>>>>>>>>>>>>>>>>>>>>>>>>>>>>>>>>>>>>>>>>>>>>>>>>>>>>>>>>>
2025/06/02 01:51:38            ⚠️  Starting rollback for set_5...        
2025/06/02 01:51:38 <<<<<<<<<<<<<<<<<<<<<<<<<<<<<<<<<<<<<<<<<<<<<<<<<<<<<<<<<<<<<
2025/06/02 01:51:39 
✅ Undo migration completed successfully!
2025/06/02 01:51:49 ✅ Connected to MySQL through SSH tunnel!
2025/06/02 01:51:51 >>>>>>>>>>>>>>>>>>>>>>>>>>>>>>>>>>>>>>>>>>>>>>>>>>>>>>>>>>>>>
2025/06/02 01:51:51            ⏳ Starting migration for set_5...     
2025/06/02 01:51:51 <<<<<<<<<<<<<<<<<<<<<<<<<<<<<<<<<<<<<<<<<<<<<<<<<<<<<<<<<<<<<
2025/06/02 01:51:58 ❌ Migration validation failed: field-level mismatch detected
2025/06/02 02:01:43 ✅ Connected to MySQL through SSH tunnel!
2025/06/02 02:01:45 >>>>>>>>>>>>>>>>>>>>>>>>>>>>>>>>>>>>>>>>>>>>>>>>>>>>>>>>>>>>>
2025/06/02 02:01:45            ⚠️  Starting rollback for set_5...        
2025/06/02 02:01:45 <<<<<<<<<<<<<<<<<<<<<<<<<<<<<<<<<<<<<<<<<<<<<<<<<<<<<<<<<<<<<
2025/06/02 02:01:46 
✅ Undo migration completed successfully!
2025/06/02 02:01:55 ✅ Connected to MySQL through SSH tunnel!
2025/06/02 02:01:57 >>>>>>>>>>>>>>>>>>>>>>>>>>>>>>>>>>>>>>>>>>>>>>>>>>>>>>>>>>>>>
2025/06/02 02:01:57            ⏳ Starting migration for set_5...     
2025/06/02 02:01:57 <<<<<<<<<<<<<<<<<<<<<<<<<<<<<<<<<<<<<<<<<<<<<<<<<<<<<<<<<<<<<
2025/06/02 02:02:04 ✅ Migration successful!
2025/06/02 19:38:28 ✅ Connected to MySQL through SSH tunnel!
2025/06/02 19:38:31 >>>>>>>>>>>>>>>>>>>>>>>>>>>>>>>>>>>>>>>>>>>>>>>>>>>>>>>>>>>>>
2025/06/02 19:38:31            ⚠️  Starting rollback for set_6...        
2025/06/02 19:38:31 <<<<<<<<<<<<<<<<<<<<<<<<<<<<<<<<<<<<<<<<<<<<<<<<<<<<<<<<<<<<<
2025/06/02 19:38:34 
✅ Undo migration completed successfully!
2025/06/02 19:38:48 ✅ Connected to MySQL through SSH tunnel!
2025/06/02 19:38:51 >>>>>>>>>>>>>>>>>>>>>>>>>>>>>>>>>>>>>>>>>>>>>>>>>>>>>>>>>>>>>
2025/06/02 19:38:51            ⏳ Starting migration for set_6...     
2025/06/02 19:38:51 <<<<<<<<<<<<<<<<<<<<<<<<<<<<<<<<<<<<<<<<<<<<<<<<<<<<<<<<<<<<<
2025/06/02 19:39:01 ❌ Migration validation failed: field-level mismatch detected
2025/06/02 19:41:40 ✅ Connected to MySQL through SSH tunnel!
2025/06/02 19:41:45 >>>>>>>>>>>>>>>>>>>>>>>>>>>>>>>>>>>>>>>>>>>>>>>>>>>>>>>>>>>>>
2025/06/02 19:41:45            ⚠️  Starting rollback for set_7...        
2025/06/02 19:41:45 <<<<<<<<<<<<<<<<<<<<<<<<<<<<<<<<<<<<<<<<<<<<<<<<<<<<<<<<<<<<<
2025/06/02 19:42:34 
✅ Undo migration completed successfully!
2025/06/02 19:44:32 ✅ Connected to MySQL through SSH tunnel!
2025/06/02 19:44:33 >>>>>>>>>>>>>>>>>>>>>>>>>>>>>>>>>>>>>>>>>>>>>>>>>>>>>>>>>>>>>
2025/06/02 19:44:33            ⏳ Starting migration for set_7...     
2025/06/02 19:44:33 <<<<<<<<<<<<<<<<<<<<<<<<<<<<<<<<<<<<<<<<<<<<<<<<<<<<<<<<<<<<<
2025/06/02 19:44:56 ✅ Migration successful!
2025/06/02 19:45:05 ✅ Connected to MySQL through SSH tunnel!
2025/06/02 19:45:08 >>>>>>>>>>>>>>>>>>>>>>>>>>>>>>>>>>>>>>>>>>>>>>>>>>>>>>>>>>>>>
2025/06/02 19:45:08            ⚠️  Starting rollback for set_8...        
2025/06/02 19:45:08 <<<<<<<<<<<<<<<<<<<<<<<<<<<<<<<<<<<<<<<<<<<<<<<<<<<<<<<<<<<<<
2025/06/02 19:45:10 
✅ Undo migration completed successfully!
2025/06/02 19:45:22 ✅ Connected to MySQL through SSH tunnel!
2025/06/02 19:45:23 >>>>>>>>>>>>>>>>>>>>>>>>>>>>>>>>>>>>>>>>>>>>>>>>>>>>>>>>>>>>>
2025/06/02 19:45:23            ⏳ Starting migration for set_8...     
2025/06/02 19:45:23 <<<<<<<<<<<<<<<<<<<<<<<<<<<<<<<<<<<<<<<<<<<<<<<<<<<<<<<<<<<<<
2025/06/02 19:48:30 ✅ Migration successful!
2025/06/02 19:48:45 ✅ Connected to MySQL through SSH tunnel!
2025/06/02 19:48:48 >>>>>>>>>>>>>>>>>>>>>>>>>>>>>>>>>>>>>>>>>>>>>>>>>>>>>>>>>>>>>
2025/06/02 19:48:48            ⚠️  Starting rollback for set_9...        
2025/06/02 19:48:48 <<<<<<<<<<<<<<<<<<<<<<<<<<<<<<<<<<<<<<<<<<<<<<<<<<<<<<<<<<<<<
2025/06/02 19:48:50 
✅ Undo migration completed successfully!
2025/06/02 19:49:05 ✅ Connected to MySQL through SSH tunnel!
2025/06/02 19:49:08 >>>>>>>>>>>>>>>>>>>>>>>>>>>>>>>>>>>>>>>>>>>>>>>>>>>>>>>>>>>>>
2025/06/02 19:49:08            ⏳ Starting migration for set_9...     
2025/06/02 19:49:08 <<<<<<<<<<<<<<<<<<<<<<<<<<<<<<<<<<<<<<<<<<<<<<<<<<<<<<<<<<<<<
2025/06/02 19:49:19 ✅ Migration successful!
2025/06/02 19:49:33 ✅ Connected to MySQL through SSH tunnel!
2025/06/02 19:49:38 >>>>>>>>>>>>>>>>>>>>>>>>>>>>>>>>>>>>>>>>>>>>>>>>>>>>>>>>>>>>>
2025/06/02 19:49:38            ⚠️  Starting rollback for set_10...        
2025/06/02 19:49:38 <<<<<<<<<<<<<<<<<<<<<<<<<<<<<<<<<<<<<<<<<<<<<<<<<<<<<<<<<<<<<
2025/06/02 19:49:39 
✅ Undo migration completed successfully!
2025/06/02 19:50:17 ✅ Connected to MySQL through SSH tunnel!
2025/06/02 19:50:19 >>>>>>>>>>>>>>>>>>>>>>>>>>>>>>>>>>>>>>>>>>>>>>>>>>>>>>>>>>>>>
2025/06/02 19:50:19            ⏳ Starting migration for set_10...     
2025/06/02 19:50:19 <<<<<<<<<<<<<<<<<<<<<<<<<<<<<<<<<<<<<<<<<<<<<<<<<<<<<<<<<<<<<
2025/06/02 19:50:27 ✅ Migration successful!
