id | address_mismatch | city_mismatch | state_mismatch | postal_mismatch | country_mismatch | title_mismatch | body_mismatch | public_mismatch | date_added_mismatch | date_updated_mismatch | status_mismatch
---+------------------+---------------+----------------+-----------------+------------------+----------------+---------------+-----------------+---------------------+-----------------------+----------------
2080       | 0          | 0          | 0          | 0          | 0          | 0          | 1          | 0          | 0          | 0          | 0         
2125       | 0          | 0          | 0          | 0          | 0          | 0          | 1          | 0          | 0          | 0          | 0         
6240       | 0          | 0          | 0          | 0          | 0          | 0          | 1          | 0          | 0          | 0          | 0         
10287      | 0          | 0          | 0          | 0          | 0          | 0          | 1          | 0          | 0          | 0          | 0         
10769      | 0          | 0          | 0          | 0          | 0          | 0          | 1          | 0          | 0          | 0          | 0         
10770      | 0          | 0          | 0          | 0          | 0          | 0          | 1          | 0          | 0          | 0          | 0         
7837       | 0          | 0          | 0          | 0          | 0          | 0          | 1          | 0          | 0          | 0          | 0         
9586       | 0          | 0          | 0          | 0          | 0          | 0          | 1          | 0          | 0          | 0          | 0         
10440      | 0          | 0          | 0          | 0          | 0          | 0          | 1          | 0          | 0          | 0          | 0         
9180       | 0          | 0          | 0          | 0          | 0          | 0          | 1          | 0          | 0          | 0          | 0         
9684       | 0          | 0          | 0          | 0          | 0          | 0          | 1          | 0          | 0          | 0          | 0         
10048      | 0          | 0          | 0          | 0          | 0          | 0          | 1          | 0          | 0          | 0          | 0         
10050      | 0          | 0          | 0          | 0          | 0          | 0          | 1          | 0          | 0          | 0          | 0         
10051      | 0          | 0          | 0          | 0          | 0          | 0          | 1          | 0          | 0          | 0          | 0         
10052      | 0          | 0          | 0          | 0          | 0          | 0          | 1          | 0          | 0          | 0          | 0         
10445      | 0          | 0          | 0          | 0          | 0          | 0          | 1          | 0          | 0          | 0          | 0         
10484      | 0          | 0          | 0          | 0          | 0          | 0          | 1          | 0          | 0          | 0          | 0         
10005      | 0          | 0          | 0          | 0          | 0          | 0          | 1          | 0          | 0          | 0          | 0         
10053      | 0          | 0          | 0          | 0          | 0          | 0          | 1          | 0          | 0          | 0          | 0         
10446      | 0          | 0          | 0          | 0          | 0          | 0          | 1          | 0          | 0          | 0          | 0         
10447      | 0          | 0          | 0          | 0          | 0          | 0          | 1          | 0          | 0          | 0          | 0         
10448      | 0          | 0          | 0          | 0          | 0          | 0          | 1          | 0          | 0          | 0          | 0         
10865      | 0          | 0          | 0          | 0          | 0          | 0          | 1          | 0          | 0          | 0          | 0         
