id | email_mismatch | type_mismatch | note_mismatch | date_added_mismatch
---+----------------+---------------+---------------+--------------------
25         | 0          | 1          | 0          | 0         
69         | 0          | 1          | 0          | 0         
73         | 0          | 1          | 0          | 0         
95         | 0          | 1          | 0          | 0         
137        | 0          | 1          | 0          | 0         
138        | 0          | 1          | 0          | 0         
194        | 0          | 1          | 0          | 0         
195        | 0          | 1          | 0          | 0         
196        | 0          | 1          | 0          | 0         
201        | 0          | 1          | 0          | 0         
202        | 0          | 1          | 0          | 0         
203        | 0          | 1          | 0          | 0         
292        | 0          | 1          | 0          | 0         
303        | 0          | 1          | 0          | 0         
326        | 0          | 1          | 0          | 0         
361        | 0          | 1          | 0          | 0         
363        | 0          | 1          | 0          | 0         
372        | 0          | 1          | 0          | 0         
374        | 0          | 1          | 0          | 0         
383        | 0          | 1          | 0          | 0         
397        | 0          | 1          | 0          | 0         
405        | 0          | 1          | 0          | 0         
